<script>
    (function() {
      var i, item;

      for (item = i = 0; i < 10; item = ++i) {
        if (item % 2 === 0) {
          console.log(item);
        }
      }

    }).call(this);
</script>
<script>
    var i, item;

    for (item = i = 0; i < 10; item = ++i) {
      if (item % 2 === 0) {
        console.log(item);
      }
    }
</script>
<script>
    (function(){var o,l;for(l=o=0;10>o;l=++o)l%2===0&&console.log(l)}).call(this);
</script>
<script>
    (function(){var o,l;for(l=o=0;10>o;l=++o)l%2===0&&console.log(l)}).call(this);
</script>
<h1 id="title">title</h1>
<h2 id="sub-title">sub title</h2>
<ul>
<li>foo</li>
<li>bar</li>
<li>baz</li>
</ul>
<h3 id="sub-title">sub title</h3>
<ol>
<li>foo</li>
<li>bar</li>
<li>baz</li>
</ol>
